<?xml version="1.0" encoding="UTF-8"?>
<testsuites>
  <testsuite name="/Users/danjohansson/code/amazon-dax/phpunit.xml" tests="64" assertions="156" errors="0" failures="0" skipped="0" time="0.192376">
    <testsuite name="Unit" tests="64" assertions="156" errors="0" failures="0" skipped="0" time="0.192376">
      <testsuite name="Amazon\Dax\Tests\Unit\AmazonDaxClientTest" file="/Users/danjohansson/code/amazon-dax/tests/Unit/AmazonDaxClientTest.php" tests="15" assertions="25" errors="0" failures="0" skipped="0" time="0.009953">
        <testcase name="testConstructorWithValidConfig" file="/Users/danjohansson/code/amazon-dax/tests/Unit/AmazonDaxClientTest.php" line="16" class="Amazon\Dax\Tests\Unit\AmazonDaxClientTest" classname="Amazon.Dax.Tests.Unit.AmazonDaxClientTest" assertions="1" time="0.007203"/>
        <testcase name="testConstructorThrowsExceptionWithoutEndpoints" file="/Users/danjohansson/code/amazon-dax/tests/Unit/AmazonDaxClientTest.php" line="38" class="Amazon\Dax\Tests\Unit\AmazonDaxClientTest" classname="Amazon.Dax.Tests.Unit.AmazonDaxClientTest" assertions="2" time="0.001278"/>
        <testcase name="testFactoryMethod" file="/Users/danjohansson/code/amazon-dax/tests/Unit/AmazonDaxClientTest.php" line="58" class="Amazon\Dax\Tests\Unit\AmazonDaxClientTest" classname="Amazon.Dax.Tests.Unit.AmazonDaxClientTest" assertions="1" time="0.000092"/>
        <testcase name="testGetItemThrowsExceptionWhenClosed" file="/Users/danjohansson/code/amazon-dax/tests/Unit/AmazonDaxClientTest.php" line="69" class="Amazon\Dax\Tests\Unit\AmazonDaxClientTest" classname="Amazon.Dax.Tests.Unit.AmazonDaxClientTest" assertions="2" time="0.000097"/>
        <testcase name="testPutItemThrowsExceptionWhenClosed" file="/Users/danjohansson/code/amazon-dax/tests/Unit/AmazonDaxClientTest.php" line="85" class="Amazon\Dax\Tests\Unit\AmazonDaxClientTest" classname="Amazon.Dax.Tests.Unit.AmazonDaxClientTest" assertions="2" time="0.000093"/>
        <testcase name="testDeleteItemThrowsExceptionWhenClosed" file="/Users/danjohansson/code/amazon-dax/tests/Unit/AmazonDaxClientTest.php" line="101" class="Amazon\Dax\Tests\Unit\AmazonDaxClientTest" classname="Amazon.Dax.Tests.Unit.AmazonDaxClientTest" assertions="2" time="0.000089"/>
        <testcase name="testUpdateItemThrowsExceptionWhenClosed" file="/Users/danjohansson/code/amazon-dax/tests/Unit/AmazonDaxClientTest.php" line="117" class="Amazon\Dax\Tests\Unit\AmazonDaxClientTest" classname="Amazon.Dax.Tests.Unit.AmazonDaxClientTest" assertions="2" time="0.000090"/>
        <testcase name="testBatchGetItemThrowsExceptionWhenClosed" file="/Users/danjohansson/code/amazon-dax/tests/Unit/AmazonDaxClientTest.php" line="133" class="Amazon\Dax\Tests\Unit\AmazonDaxClientTest" classname="Amazon.Dax.Tests.Unit.AmazonDaxClientTest" assertions="2" time="0.000089"/>
        <testcase name="testBatchWriteItemThrowsExceptionWhenClosed" file="/Users/danjohansson/code/amazon-dax/tests/Unit/AmazonDaxClientTest.php" line="149" class="Amazon\Dax\Tests\Unit\AmazonDaxClientTest" classname="Amazon.Dax.Tests.Unit.AmazonDaxClientTest" assertions="2" time="0.000088"/>
        <testcase name="testQueryThrowsExceptionWhenClosed" file="/Users/danjohansson/code/amazon-dax/tests/Unit/AmazonDaxClientTest.php" line="165" class="Amazon\Dax\Tests\Unit\AmazonDaxClientTest" classname="Amazon.Dax.Tests.Unit.AmazonDaxClientTest" assertions="2" time="0.000085"/>
        <testcase name="testScanThrowsExceptionWhenClosed" file="/Users/danjohansson/code/amazon-dax/tests/Unit/AmazonDaxClientTest.php" line="181" class="Amazon\Dax\Tests\Unit\AmazonDaxClientTest" classname="Amazon.Dax.Tests.Unit.AmazonDaxClientTest" assertions="2" time="0.000085"/>
        <testcase name="testCloseCanBeCalledMultipleTimes" file="/Users/danjohansson/code/amazon-dax/tests/Unit/AmazonDaxClientTest.php" line="197" class="Amazon\Dax\Tests\Unit\AmazonDaxClientTest" classname="Amazon.Dax.Tests.Unit.AmazonDaxClientTest" assertions="1" time="0.000381"/>
        <testcase name="testDefaultConfiguration" file="/Users/danjohansson/code/amazon-dax/tests/Unit/AmazonDaxClientTest.php" line="211" class="Amazon\Dax\Tests\Unit\AmazonDaxClientTest" classname="Amazon.Dax.Tests.Unit.AmazonDaxClientTest" assertions="1" time="0.000098"/>
        <testcase name="testConstructorThrowsExceptionWithBothEndpointTypes" file="/Users/danjohansson/code/amazon-dax/tests/Unit/AmazonDaxClientTest.php" line="46" class="Amazon\Dax\Tests\Unit\AmazonDaxClientTest" classname="Amazon.Dax.Tests.Unit.AmazonDaxClientTest" assertions="2" time="0.000100"/>
        <testcase name="testConstructorWithEndpoints" file="/Users/danjohansson/code/amazon-dax/tests/Unit/AmazonDaxClientTest.php" line="27" class="Amazon\Dax\Tests\Unit\AmazonDaxClientTest" classname="Amazon.Dax.Tests.Unit.AmazonDaxClientTest" assertions="1" time="0.000085"/>
      </testsuite>
      <testsuite name="Amazon\Dax\Tests\Unit\Cache\KeySchemaCacheTest" file="/Users/danjohansson/code/amazon-dax/tests/Unit/Cache/KeySchemaCacheTest.php" tests="11" assertions="36" errors="0" failures="0" skipped="0" time="0.153759">
        <testcase name="testPutAndGet" file="/Users/danjohansson/code/amazon-dax/tests/Unit/Cache/KeySchemaCacheTest.php" line="22" class="Amazon\Dax\Tests\Unit\Cache\KeySchemaCacheTest" classname="Amazon.Dax.Tests.Unit.Cache.KeySchemaCacheTest" assertions="1" time="0.000493"/>
        <testcase name="testGetNonExistentTable" file="/Users/danjohansson/code/amazon-dax/tests/Unit/Cache/KeySchemaCacheTest.php" line="36" class="Amazon\Dax\Tests\Unit\Cache\KeySchemaCacheTest" classname="Amazon.Dax.Tests.Unit.Cache.KeySchemaCacheTest" assertions="1" time="0.000226"/>
        <testcase name="testHas" file="/Users/danjohansson/code/amazon-dax/tests/Unit/Cache/KeySchemaCacheTest.php" line="42" class="Amazon\Dax\Tests\Unit\Cache\KeySchemaCacheTest" classname="Amazon.Dax.Tests.Unit.Cache.KeySchemaCacheTest" assertions="2" time="0.000211"/>
        <testcase name="testRemove" file="/Users/danjohansson/code/amazon-dax/tests/Unit/Cache/KeySchemaCacheTest.php" line="53" class="Amazon\Dax\Tests\Unit\Cache\KeySchemaCacheTest" classname="Amazon.Dax.Tests.Unit.Cache.KeySchemaCacheTest" assertions="2" time="0.000079"/>
        <testcase name="testClear" file="/Users/danjohansson/code/amazon-dax/tests/Unit/Cache/KeySchemaCacheTest.php" line="65" class="Amazon\Dax\Tests\Unit\Cache\KeySchemaCacheTest" classname="Amazon.Dax.Tests.Unit.Cache.KeySchemaCacheTest" assertions="4" time="0.000084"/>
        <testcase name="testMaxSizeEviction" file="/Users/danjohansson/code/amazon-dax/tests/Unit/Cache/KeySchemaCacheTest.php" line="79" class="Amazon\Dax\Tests\Unit\Cache\KeySchemaCacheTest" classname="Amazon.Dax.Tests.Unit.Cache.KeySchemaCacheTest" assertions="7" time="0.000097"/>
        <testcase name="testUpdateExistingEntry" file="/Users/danjohansson/code/amazon-dax/tests/Unit/Cache/KeySchemaCacheTest.php" line="144" class="Amazon\Dax\Tests\Unit\Cache\KeySchemaCacheTest" classname="Amazon.Dax.Tests.Unit.Cache.KeySchemaCacheTest" assertions="3" time="0.000324"/>
        <testcase name="testEmptyCache" file="/Users/danjohansson/code/amazon-dax/tests/Unit/Cache/KeySchemaCacheTest.php" line="161" class="Amazon\Dax\Tests\Unit\Cache\KeySchemaCacheTest" classname="Amazon.Dax.Tests.Unit.Cache.KeySchemaCacheTest" assertions="2" time="0.000298"/>
        <testcase name="testGetTableNames" file="/Users/danjohansson/code/amazon-dax/tests/Unit/Cache/KeySchemaCacheTest.php" line="115" class="Amazon\Dax\Tests\Unit\Cache\KeySchemaCacheTest" classname="Amazon.Dax.Tests.Unit.Cache.KeySchemaCacheTest" assertions="3" time="0.000411"/>
        <testcase name="testGetStats" file="/Users/danjohansson/code/amazon-dax/tests/Unit/Cache/KeySchemaCacheTest.php" line="126" class="Amazon\Dax\Tests\Unit\Cache\KeySchemaCacheTest" classname="Amazon.Dax.Tests.Unit.Cache.KeySchemaCacheTest" assertions="8" time="0.000568"/>
        <testcase name="testTtlExpiration" file="/Users/danjohansson/code/amazon-dax/tests/Unit/Cache/KeySchemaCacheTest.php" line="99" class="Amazon\Dax\Tests\Unit\Cache\KeySchemaCacheTest" classname="Amazon.Dax.Tests.Unit.Cache.KeySchemaCacheTest" assertions="3" time="0.150968"/>
      </testsuite>
      <testsuite name="Amazon\Dax\Tests\Unit\Cache\Psr16ComplianceTest" file="/Users/danjohansson/code/amazon-dax/tests/Unit/Cache/Psr16ComplianceTest.php" tests="7" assertions="32" errors="0" failures="0" skipped="0" time="0.003146">
        <testcase name="testKeySchemaCache_ImplementsPsr16Interface" file="/Users/danjohansson/code/amazon-dax/tests/Unit/Cache/Psr16ComplianceTest.php" line="17" class="Amazon\Dax\Tests\Unit\Cache\Psr16ComplianceTest" classname="Amazon.Dax.Tests.Unit.Cache.Psr16ComplianceTest" assertions="1" time="0.000263"/>
        <testcase name="testAttributeListCache_ImplementsPsr16Interface" file="/Users/danjohansson/code/amazon-dax/tests/Unit/Cache/Psr16ComplianceTest.php" line="23" class="Amazon\Dax\Tests\Unit\Cache\Psr16ComplianceTest" classname="Amazon.Dax.Tests.Unit.Cache.Psr16ComplianceTest" assertions="1" time="0.000141"/>
        <testcase name="testKeySchemaCache_Psr16Methods" file="/Users/danjohansson/code/amazon-dax/tests/Unit/Cache/Psr16ComplianceTest.php" line="29" class="Amazon\Dax\Tests\Unit\Cache\Psr16ComplianceTest" classname="Amazon.Dax.Tests.Unit.Cache.Psr16ComplianceTest" assertions="11" time="0.000312"/>
        <testcase name="testAttributeListCache_Psr16Methods" file="/Users/danjohansson/code/amazon-dax/tests/Unit/Cache/Psr16ComplianceTest.php" line="55" class="Amazon\Dax\Tests\Unit\Cache\Psr16ComplianceTest" classname="Amazon.Dax.Tests.Unit.Cache.Psr16ComplianceTest" assertions="11" time="0.000244"/>
        <testcase name="testMultipleOperations" file="/Users/danjohansson/code/amazon-dax/tests/Unit/Cache/Psr16ComplianceTest.php" line="81" class="Amazon\Dax\Tests\Unit\Cache\Psr16ComplianceTest" classname="Amazon.Dax.Tests.Unit.Cache.Psr16ComplianceTest" assertions="6" time="0.000185"/>
        <testcase name="testInvalidKeyWithReservedCharacters" file="/Users/danjohansson/code/amazon-dax/tests/Unit/Cache/Psr16ComplianceTest.php" line="109" class="Amazon\Dax\Tests\Unit\Cache\Psr16ComplianceTest" classname="Amazon.Dax.Tests.Unit.Cache.Psr16ComplianceTest" assertions="1" time="0.001888"/>
        <testcase name="testInvalidKeyValidation" file="/Users/danjohansson/code/amazon-dax/tests/Unit/Cache/Psr16ComplianceTest.php" line="101" class="Amazon\Dax\Tests\Unit\Cache\Psr16ComplianceTest" classname="Amazon.Dax.Tests.Unit.Cache.Psr16ComplianceTest" assertions="1" time="0.000113"/>
      </testsuite>
      <testsuite name="Amazon\Dax\Tests\Unit\Encoder\DaxEncoderTest" file="/Users/danjohansson/code/amazon-dax/tests/Unit/Encoder/DaxEncoderTest.php" tests="26" assertions="49" errors="0" failures="0" skipped="0" time="0.018034">
        <testcase name="testArrayToCborObjectWithString" file="/Users/danjohansson/code/amazon-dax/tests/Unit/Encoder/DaxEncoderTest.php" line="68" class="Amazon\Dax\Tests\Unit\Encoder\DaxEncoderTest" classname="Amazon.Dax.Tests.Unit.Encoder.DaxEncoderTest" assertions="2" time="0.001452"/>
        <testcase name="testArrayToCborObjectWithNegativeInteger" file="/Users/danjohansson/code/amazon-dax/tests/Unit/Encoder/DaxEncoderTest.php" line="84" class="Amazon\Dax\Tests\Unit\Encoder\DaxEncoderTest" classname="Amazon.Dax.Tests.Unit.Encoder.DaxEncoderTest" assertions="2" time="0.002587"/>
        <testcase name="testArrayToCborObjectWithZero" file="/Users/danjohansson/code/amazon-dax/tests/Unit/Encoder/DaxEncoderTest.php" line="92" class="Amazon\Dax\Tests\Unit\Encoder\DaxEncoderTest" classname="Amazon.Dax.Tests.Unit.Encoder.DaxEncoderTest" assertions="2" time="0.000454"/>
        <testcase name="testArrayToCborObjectWithFalse" file="/Users/danjohansson/code/amazon-dax/tests/Unit/Encoder/DaxEncoderTest.php" line="107" class="Amazon\Dax\Tests\Unit\Encoder\DaxEncoderTest" classname="Amazon.Dax.Tests.Unit.Encoder.DaxEncoderTest" assertions="1" time="0.000531"/>
        <testcase name="testArrayToCborObjectWithNull" file="/Users/danjohansson/code/amazon-dax/tests/Unit/Encoder/DaxEncoderTest.php" line="114" class="Amazon\Dax\Tests\Unit\Encoder\DaxEncoderTest" classname="Amazon.Dax.Tests.Unit.Encoder.DaxEncoderTest" assertions="1" time="0.000361"/>
        <testcase name="testArrayToCborObjectWithFloat" file="/Users/danjohansson/code/amazon-dax/tests/Unit/Encoder/DaxEncoderTest.php" line="121" class="Amazon\Dax\Tests\Unit\Encoder\DaxEncoderTest" classname="Amazon.Dax.Tests.Unit.Encoder.DaxEncoderTest" assertions="2" time="0.000130"/>
        <testcase name="testArrayToCborObjectWithIndexedArray" file="/Users/danjohansson/code/amazon-dax/tests/Unit/Encoder/DaxEncoderTest.php" line="129" class="Amazon\Dax\Tests\Unit\Encoder\DaxEncoderTest" classname="Amazon.Dax.Tests.Unit.Encoder.DaxEncoderTest" assertions="4" time="0.000347"/>
        <testcase name="testArrayToCborObjectWithAssociativeArray" file="/Users/danjohansson/code/amazon-dax/tests/Unit/Encoder/DaxEncoderTest.php" line="147" class="Amazon\Dax\Tests\Unit\Encoder\DaxEncoderTest" classname="Amazon.Dax.Tests.Unit.Encoder.DaxEncoderTest" assertions="2" time="0.000575"/>
        <testcase name="testArrayToCborObjectWithEmptyArray" file="/Users/danjohansson/code/amazon-dax/tests/Unit/Encoder/DaxEncoderTest.php" line="165" class="Amazon\Dax\Tests\Unit\Encoder\DaxEncoderTest" classname="Amazon.Dax.Tests.Unit.Encoder.DaxEncoderTest" assertions="2" time="0.000126"/>
        <testcase name="testArrayToCborObjectWithNestedArray" file="/Users/danjohansson/code/amazon-dax/tests/Unit/Encoder/DaxEncoderTest.php" line="178" class="Amazon\Dax\Tests\Unit\Encoder\DaxEncoderTest" classname="Amazon.Dax.Tests.Unit.Encoder.DaxEncoderTest" assertions="1" time="0.000115"/>
        <testcase name="testArrayToCborObjectWithNumberSet" file="/Users/danjohansson/code/amazon-dax/tests/Unit/Encoder/DaxEncoderTest.php" line="201" class="Amazon\Dax\Tests\Unit\Encoder\DaxEncoderTest" classname="Amazon.Dax.Tests.Unit.Encoder.DaxEncoderTest" assertions="2" time="0.000380"/>
        <testcase name="testArrayToCborObjectWithBinarySet" file="/Users/danjohansson/code/amazon-dax/tests/Unit/Encoder/DaxEncoderTest.php" line="211" class="Amazon\Dax\Tests\Unit\Encoder\DaxEncoderTest" classname="Amazon.Dax.Tests.Unit.Encoder.DaxEncoderTest" assertions="2" time="0.000110"/>
        <testcase name="testArrayToCborObjectWithNonSetSingleKeyArray" file="/Users/danjohansson/code/amazon-dax/tests/Unit/Encoder/DaxEncoderTest.php" line="235" class="Amazon\Dax\Tests\Unit\Encoder\DaxEncoderTest" classname="Amazon.Dax.Tests.Unit.Encoder.DaxEncoderTest" assertions="1" time="0.000106"/>
        <testcase name="testArrayToCborObjectWithMultipleKeysArray" file="/Users/danjohansson/code/amazon-dax/tests/Unit/Encoder/DaxEncoderTest.php" line="244" class="Amazon\Dax\Tests\Unit\Encoder\DaxEncoderTest" classname="Amazon.Dax.Tests.Unit.Encoder.DaxEncoderTest" assertions="1" time="0.000104"/>
        <testcase name="testArrayToCborObjectWithResource" file="/Users/danjohansson/code/amazon-dax/tests/Unit/Encoder/DaxEncoderTest.php" line="253" class="Amazon\Dax\Tests\Unit\Encoder\DaxEncoderTest" classname="Amazon.Dax.Tests.Unit.Encoder.DaxEncoderTest" assertions="1" time="0.000100"/>
        <testcase name="testArrayToCborObjectWithObject" file="/Users/danjohansson/code/amazon-dax/tests/Unit/Encoder/DaxEncoderTest.php" line="263" class="Amazon\Dax\Tests\Unit\Encoder\DaxEncoderTest" classname="Amazon.Dax.Tests.Unit.Encoder.DaxEncoderTest" assertions="2" time="0.000110"/>
        <testcase name="testDetermineTagComponentsWithSmallTag" file="/Users/danjohansson/code/amazon-dax/tests/Unit/Encoder/DaxEncoderTest.php" line="278" class="Amazon\Dax\Tests\Unit\Encoder\DaxEncoderTest" classname="Amazon.Dax.Tests.Unit.Encoder.DaxEncoderTest" assertions="2" time="0.000104"/>
        <testcase name="testDetermineTagComponentsWithLargeTag" file="/Users/danjohansson/code/amazon-dax/tests/Unit/Encoder/DaxEncoderTest.php" line="289" class="Amazon\Dax\Tests\Unit\Encoder\DaxEncoderTest" classname="Amazon.Dax.Tests.Unit.Encoder.DaxEncoderTest" assertions="1" time="0.000099"/>
        <testcase name="testComplexNestedStructure" file="/Users/danjohansson/code/amazon-dax/tests/Unit/Encoder/DaxEncoderTest.php" line="299" class="Amazon\Dax\Tests\Unit\Encoder\DaxEncoderTest" classname="Amazon.Dax.Tests.Unit.Encoder.DaxEncoderTest" assertions="1" time="0.000322"/>
        <testcase name="testEncodeRequestWithComplexData" file="/Users/danjohansson/code/amazon-dax/tests/Unit/Encoder/DaxEncoderTest.php" line="326" class="Amazon\Dax\Tests\Unit\Encoder\DaxEncoderTest" classname="Amazon.Dax.Tests.Unit.Encoder.DaxEncoderTest" assertions="4" time="0.000297"/>
        <testcase name="testArrayToCborObjectWithTrue" file="/Users/danjohansson/code/amazon-dax/tests/Unit/Encoder/DaxEncoderTest.php" line="100" class="Amazon\Dax\Tests\Unit\Encoder\DaxEncoderTest" classname="Amazon.Dax.Tests.Unit.Encoder.DaxEncoderTest" assertions="1" time="0.000115"/>
        <testcase name="testArrayToCborObjectWithStringSet" file="/Users/danjohansson/code/amazon-dax/tests/Unit/Encoder/DaxEncoderTest.php" line="191" class="Amazon\Dax\Tests\Unit\Encoder\DaxEncoderTest" classname="Amazon.Dax.Tests.Unit.Encoder.DaxEncoderTest" assertions="2" time="0.000108"/>
        <testcase name="testArrayToCborObjectWithPositiveInteger" file="/Users/danjohansson/code/amazon-dax/tests/Unit/Encoder/DaxEncoderTest.php" line="76" class="Amazon\Dax\Tests\Unit\Encoder\DaxEncoderTest" classname="Amazon.Dax.Tests.Unit.Encoder.DaxEncoderTest" assertions="2" time="0.000129"/>
        <testcase name="testEncodeRequestWithSimpleArray" file="/Users/danjohansson/code/amazon-dax/tests/Unit/Encoder/DaxEncoderTest.php" line="33" class="Amazon\Dax\Tests\Unit\Encoder\DaxEncoderTest" classname="Amazon.Dax.Tests.Unit.Encoder.DaxEncoderTest" assertions="4" time="0.000122"/>
        <testcase name="testArrayToCborObjectWithUnknownSetType" file="/Users/danjohansson/code/amazon-dax/tests/Unit/Encoder/DaxEncoderTest.php" line="221" class="Amazon\Dax\Tests\Unit\Encoder\DaxEncoderTest" classname="Amazon.Dax.Tests.Unit.Encoder.DaxEncoderTest" assertions="2" time="0.000127"/>
        <testcase name="testEncodeRequestThrowsExceptionOnError" file="/Users/danjohansson/code/amazon-dax/tests/Unit/Encoder/DaxEncoderTest.php" line="52" class="Amazon\Dax\Tests\Unit\Encoder\DaxEncoderTest" classname="Amazon.Dax.Tests.Unit.Encoder.DaxEncoderTest" assertions="2" time="0.009023"/>
      </testsuite>
      <testsuite name="Amazon\Dax\Tests\Unit\LoggingTest" file="/Users/danjohansson/code/amazon-dax/tests/Unit/LoggingTest.php" tests="5" assertions="14" errors="0" failures="0" skipped="0" time="0.007484">
        <testcase name="testAmazonDaxClientUsesNullLoggerByDefault" file="/Users/danjohansson/code/amazon-dax/tests/Unit/LoggingTest.php" line="42" class="Amazon\Dax\Tests\Unit\LoggingTest" classname="Amazon.Dax.Tests.Unit.LoggingTest" assertions="1" time="0.003480"/>
        <testcase name="testClusterManagerLogsErrors" file="/Users/danjohansson/code/amazon-dax/tests/Unit/LoggingTest.php" line="78" class="Amazon\Dax\Tests\Unit\LoggingTest" classname="Amazon.Dax.Tests.Unit.LoggingTest" assertions="3" time="0.001806"/>
        <testcase name="testClusterManagerLogsInitialization" file="/Users/danjohansson/code/amazon-dax/tests/Unit/LoggingTest.php" line="58" class="Amazon\Dax\Tests\Unit\LoggingTest" classname="Amazon.Dax.Tests.Unit.LoggingTest" assertions="4" time="0.000709"/>
        <testcase name="testLoggerContextInformation" file="/Users/danjohansson/code/amazon-dax/tests/Unit/LoggingTest.php" line="98" class="Amazon\Dax\Tests\Unit\LoggingTest" classname="Amazon.Dax.Tests.Unit.LoggingTest" assertions="4" time="0.001332"/>
        <testcase name="testAmazonDaxClientAcceptsLogger" file="/Users/danjohansson/code/amazon-dax/tests/Unit/LoggingTest.php" line="24" class="Amazon\Dax\Tests\Unit\LoggingTest" classname="Amazon.Dax.Tests.Unit.LoggingTest" assertions="2" time="0.000157"/>
      </testsuite>
    </testsuite>
  </testsuite>
</testsuites>
